(129, 5)
['/Users/chenjingkun/Documents/data/BraTS19/HGG/BraTS19_CBICA_AAB_1/BraTS19_CBICA_AAB_1_flair.nii.gz', '/Users/chenjingkun/Documents/data/BraTS19/HGG/BraTS19_CBICA_AAG_1/BraTS19_CBICA_AAG_1_flair.nii.gz', '/Users/chenjingkun/Documents/data/BraTS19/HGG/BraTS19_CBICA_AAL_1/BraTS19_CBICA_AAL_1_flair.nii.gz', '/Users/chenjingkun/Documents/data/BraTS19/HGG/BraTS19_CBICA_AAP_1/BraTS19_CBICA_AAP_1_flair.nii.gz', '/Users/chenjingkun/Documents/data/BraTS19/HGG/BraTS19_CBICA_ABB_1/BraTS19_CBICA_ABB_1_flair.nii.gz', '/Users/chenjingkun/Documents/data/BraTS19/HGG/BraTS19_CBICA_ABE_1/BraTS19_CBICA_ABE_1_flair.nii.gz', '/Users/chenjingkun/Documents/data/BraTS19/HGG/BraTS19_CBICA_ABM_1/BraTS19_CBICA_ABM_1_flair.nii.gz', '/Users/chenjingkun/Documents/data/BraTS19/HGG/BraTS19_CBICA_ABN_1/BraTS19_CBICA_ABN_1_flair.nii.gz', '/Users/chenjingkun/Documents/data/BraTS19/HGG/BraTS19_CBICA_ABO_1/BraTS19_CBICA_ABO_1_flair.nii.gz', '/Users/chenjingkun/Documents/data/BraTS19/HGG/BraTS19_CBICA_ABY_1/BraTS19_CBICA_ABY_1_flair.nii.gz', '/Users/chenjingkun/Documents/data/BraTS19/HGG/BraTS19_CBICA_ALN_1/BraTS19_CBICA_ALN_1_flair.nii.gz', '/Users/chenjingkun/Documents/data/BraTS19/HGG/BraTS19_CBICA_ALU_1/BraTS19_CBICA_ALU_1_flair.nii.gz', '/Users/chenjingkun/Documents/data/BraTS19/HGG/BraTS19_CBICA_ALX_1/BraTS19_CBICA_ALX_1_flair.nii.gz', '/Users/chenjingkun/Documents/data/BraTS19/HGG/BraTS19_CBICA_AME_1/BraTS19_CBICA_AME_1_flair.nii.gz', '/Users/chenjingkun/Documents/data/BraTS19/HGG/BraTS19_CBICA_AMH_1/BraTS19_CBICA_AMH_1_flair.nii.gz', '/Users/chenjingkun/Documents/data/BraTS19/HGG/BraTS19_CBICA_ANG_1/BraTS19_CBICA_ANG_1_flair.nii.gz', '/Users/chenjingkun/Documents/data/BraTS19/HGG/BraTS19_CBICA_ANI_1/BraTS19_CBICA_ANI_1_flair.nii.gz', '/Users/chenjingkun/Documents/data/BraTS19/HGG/BraTS19_CBICA_ANP_1/BraTS19_CBICA_ANP_1_flair.nii.gz', '/Users/chenjingkun/Documents/data/BraTS19/HGG/BraTS19_CBICA_ANZ_1/BraTS19_CBICA_ANZ_1_flair.nii.gz', '/Users/chenjingkun/Documents/data/BraTS19/HGG/BraTS19_CBICA_AOD_1/BraTS19_CBICA_AOD_1_flair.nii.gz', '/Users/chenjingkun/Documents/data/BraTS19/HGG/BraTS19_CBICA_AOH_1/BraTS19_CBICA_AOH_1_flair.nii.gz', '/Users/chenjingkun/Documents/data/BraTS19/HGG/BraTS19_CBICA_AOO_1/BraTS19_CBICA_AOO_1_flair.nii.gz', '/Users/chenjingkun/Documents/data/BraTS19/HGG/BraTS19_CBICA_AOP_1/BraTS19_CBICA_AOP_1_flair.nii.gz', '/Users/chenjingkun/Documents/data/BraTS19/HGG/BraTS19_CBICA_AOZ_1/BraTS19_CBICA_AOZ_1_flair.nii.gz', '/Users/chenjingkun/Documents/data/BraTS19/HGG/BraTS19_CBICA_APR_1/BraTS19_CBICA_APR_1_flair.nii.gz', '/Users/chenjingkun/Documents/data/BraTS19/HGG/BraTS19_CBICA_APY_1/BraTS19_CBICA_APY_1_flair.nii.gz', '/Users/chenjingkun/Documents/data/BraTS19/HGG/BraTS19_CBICA_APZ_1/BraTS19_CBICA_APZ_1_flair.nii.gz', '/Users/chenjingkun/Documents/data/BraTS19/HGG/BraTS19_CBICA_AQA_1/BraTS19_CBICA_AQA_1_flair.nii.gz', '/Users/chenjingkun/Documents/data/BraTS19/HGG/BraTS19_CBICA_AQD_1/BraTS19_CBICA_AQD_1_flair.nii.gz', '/Users/chenjingkun/Documents/data/BraTS19/HGG/BraTS19_CBICA_AQG_1/BraTS19_CBICA_AQG_1_flair.nii.gz', '/Users/chenjingkun/Documents/data/BraTS19/HGG/BraTS19_CBICA_AQJ_1/BraTS19_CBICA_AQJ_1_flair.nii.gz', '/Users/chenjingkun/Documents/data/BraTS19/HGG/BraTS19_CBICA_AQN_1/BraTS19_CBICA_AQN_1_flair.nii.gz', '/Users/chenjingkun/Documents/data/BraTS19/HGG/BraTS19_CBICA_AQO_1/BraTS19_CBICA_AQO_1_flair.nii.gz', '/Users/chenjingkun/Documents/data/BraTS19/HGG/BraTS19_CBICA_AQP_1/BraTS19_CBICA_AQP_1_flair.nii.gz', '/Users/chenjingkun/Documents/data/BraTS19/HGG/BraTS19_CBICA_AQQ_1/BraTS19_CBICA_AQQ_1_flair.nii.gz', '/Users/chenjingkun/Documents/data/BraTS19/HGG/BraTS19_CBICA_AQR_1/BraTS19_CBICA_AQR_1_flair.nii.gz', '/Users/chenjingkun/Documents/data/BraTS19/HGG/BraTS19_CBICA_AQT_1/BraTS19_CBICA_AQT_1_flair.nii.gz', '/Users/chenjingkun/Documents/data/BraTS19/HGG/BraTS19_CBICA_AQU_1/BraTS19_CBICA_AQU_1_flair.nii.gz', '/Users/chenjingkun/Documents/data/BraTS19/HGG/BraTS19_CBICA_AQV_1/BraTS19_CBICA_AQV_1_flair.nii.gz', '/Users/chenjingkun/Documents/data/BraTS19/HGG/BraTS19_CBICA_AQY_1/BraTS19_CBICA_AQY_1_flair.nii.gz', '/Users/chenjingkun/Documents/data/BraTS19/HGG/BraTS19_CBICA_AQZ_1/BraTS19_CBICA_AQZ_1_flair.nii.gz', '/Users/chenjingkun/Documents/data/BraTS19/HGG/BraTS19_CBICA_ARF_1/BraTS19_CBICA_ARF_1_flair.nii.gz', '/Users/chenjingkun/Documents/data/BraTS19/HGG/BraTS19_CBICA_ARW_1/BraTS19_CBICA_ARW_1_flair.nii.gz', '/Users/chenjingkun/Documents/data/BraTS19/HGG/BraTS19_CBICA_ARZ_1/BraTS19_CBICA_ARZ_1_flair.nii.gz', '/Users/chenjingkun/Documents/data/BraTS19/HGG/BraTS19_CBICA_ASA_1/BraTS19_CBICA_ASA_1_flair.nii.gz', '/Users/chenjingkun/Documents/data/BraTS19/HGG/BraTS19_CBICA_ASE_1/BraTS19_CBICA_ASE_1_flair.nii.gz', '/Users/chenjingkun/Documents/data/BraTS19/HGG/BraTS19_CBICA_ASG_1/BraTS19_CBICA_ASG_1_flair.nii.gz', '/Users/chenjingkun/Documents/data/BraTS19/HGG/BraTS19_CBICA_ASH_1/BraTS19_CBICA_ASH_1_flair.nii.gz', '/Users/chenjingkun/Documents/data/BraTS19/HGG/BraTS19_CBICA_ASK_1/BraTS19_CBICA_ASK_1_flair.nii.gz', '/Users/chenjingkun/Documents/data/BraTS19/HGG/BraTS19_CBICA_ASN_1/BraTS19_CBICA_ASN_1_flair.nii.gz', '/Users/chenjingkun/Documents/data/BraTS19/HGG/BraTS19_CBICA_ASO_1/BraTS19_CBICA_ASO_1_flair.nii.gz', '/Users/chenjingkun/Documents/data/BraTS19/HGG/BraTS19_CBICA_ASU_1/BraTS19_CBICA_ASU_1_flair.nii.gz', '/Users/chenjingkun/Documents/data/BraTS19/HGG/BraTS19_CBICA_ASV_1/BraTS19_CBICA_ASV_1_flair.nii.gz', '/Users/chenjingkun/Documents/data/BraTS19/HGG/BraTS19_CBICA_ASW_1/BraTS19_CBICA_ASW_1_flair.nii.gz', '/Users/chenjingkun/Documents/data/BraTS19/HGG/BraTS19_CBICA_ASY_1/BraTS19_CBICA_ASY_1_flair.nii.gz', '/Users/chenjingkun/Documents/data/BraTS19/HGG/BraTS19_CBICA_ATB_1/BraTS19_CBICA_ATB_1_flair.nii.gz', '/Users/chenjingkun/Documents/data/BraTS19/HGG/BraTS19_CBICA_ATD_1/BraTS19_CBICA_ATD_1_flair.nii.gz', '/Users/chenjingkun/Documents/data/BraTS19/HGG/BraTS19_CBICA_ATF_1/BraTS19_CBICA_ATF_1_flair.nii.gz', '/Users/chenjingkun/Documents/data/BraTS19/HGG/BraTS19_CBICA_ATP_1/BraTS19_CBICA_ATP_1_flair.nii.gz', '/Users/chenjingkun/Documents/data/BraTS19/HGG/BraTS19_CBICA_ATV_1/BraTS19_CBICA_ATV_1_flair.nii.gz', '/Users/chenjingkun/Documents/data/BraTS19/HGG/BraTS19_CBICA_ATX_1/BraTS19_CBICA_ATX_1_flair.nii.gz', '/Users/chenjingkun/Documents/data/BraTS19/HGG/BraTS19_CBICA_AUN_1/BraTS19_CBICA_AUN_1_flair.nii.gz', '/Users/chenjingkun/Documents/data/BraTS19/HGG/BraTS19_CBICA_AUQ_1/BraTS19_CBICA_AUQ_1_flair.nii.gz', '/Users/chenjingkun/Documents/data/BraTS19/HGG/BraTS19_CBICA_AUR_1/BraTS19_CBICA_AUR_1_flair.nii.gz', '/Users/chenjingkun/Documents/data/BraTS19/HGG/BraTS19_CBICA_AVG_1/BraTS19_CBICA_AVG_1_flair.nii.gz', '/Users/chenjingkun/Documents/data/BraTS19/HGG/BraTS19_CBICA_AVJ_1/BraTS19_CBICA_AVJ_1_flair.nii.gz', '/Users/chenjingkun/Documents/data/BraTS19/HGG/BraTS19_CBICA_AVV_1/BraTS19_CBICA_AVV_1_flair.nii.gz', '/Users/chenjingkun/Documents/data/BraTS19/HGG/BraTS19_CBICA_AWG_1/BraTS19_CBICA_AWG_1_flair.nii.gz', '/Users/chenjingkun/Documents/data/BraTS19/HGG/BraTS19_CBICA_AWH_1/BraTS19_CBICA_AWH_1_flair.nii.gz', '/Users/chenjingkun/Documents/data/BraTS19/HGG/BraTS19_CBICA_AWI_1/BraTS19_CBICA_AWI_1_flair.nii.gz', '/Users/chenjingkun/Documents/data/BraTS19/HGG/BraTS19_CBICA_AXJ_1/BraTS19_CBICA_AXJ_1_flair.nii.gz', '/Users/chenjingkun/Documents/data/BraTS19/HGG/BraTS19_CBICA_AXL_1/BraTS19_CBICA_AXL_1_flair.nii.gz', '/Users/chenjingkun/Documents/data/BraTS19/HGG/BraTS19_CBICA_AXM_1/BraTS19_CBICA_AXM_1_flair.nii.gz', '/Users/chenjingkun/Documents/data/BraTS19/HGG/BraTS19_CBICA_AXN_1/BraTS19_CBICA_AXN_1_flair.nii.gz', '/Users/chenjingkun/Documents/data/BraTS19/HGG/BraTS19_CBICA_AXO_1/BraTS19_CBICA_AXO_1_flair.nii.gz', '/Users/chenjingkun/Documents/data/BraTS19/HGG/BraTS19_CBICA_AXQ_1/BraTS19_CBICA_AXQ_1_flair.nii.gz', '/Users/chenjingkun/Documents/data/BraTS19/HGG/BraTS19_CBICA_AXW_1/BraTS19_CBICA_AXW_1_flair.nii.gz', '/Users/chenjingkun/Documents/data/BraTS19/HGG/BraTS19_CBICA_AYA_1/BraTS19_CBICA_AYA_1_flair.nii.gz', '/Users/chenjingkun/Documents/data/BraTS19/HGG/BraTS19_CBICA_AYI_1/BraTS19_CBICA_AYI_1_flair.nii.gz', '/Users/chenjingkun/Documents/data/BraTS19/HGG/BraTS19_CBICA_AYU_1/BraTS19_CBICA_AYU_1_flair.nii.gz', '/Users/chenjingkun/Documents/data/BraTS19/HGG/BraTS19_CBICA_AYW_1/BraTS19_CBICA_AYW_1_flair.nii.gz', '/Users/chenjingkun/Documents/data/BraTS19/HGG/BraTS19_CBICA_AZD_1/BraTS19_CBICA_AZD_1_flair.nii.gz', '/Users/chenjingkun/Documents/data/BraTS19/HGG/BraTS19_CBICA_AZH_1/BraTS19_CBICA_AZH_1_flair.nii.gz', '/Users/chenjingkun/Documents/data/BraTS19/HGG/BraTS19_CBICA_BFB_1/BraTS19_CBICA_BFB_1_flair.nii.gz', '/Users/chenjingkun/Documents/data/BraTS19/HGG/BraTS19_CBICA_BFP_1/BraTS19_CBICA_BFP_1_flair.nii.gz', '/Users/chenjingkun/Documents/data/BraTS19/HGG/BraTS19_CBICA_BHB_1/BraTS19_CBICA_BHB_1_flair.nii.gz', '/Users/chenjingkun/Documents/data/BraTS19/HGG/BraTS19_CBICA_BHK_1/BraTS19_CBICA_BHK_1_flair.nii.gz', '/Users/chenjingkun/Documents/data/BraTS19/HGG/BraTS19_CBICA_BHM_1/BraTS19_CBICA_BHM_1_flair.nii.gz', '/Users/chenjingkun/Documents/data/BraTS19/HGG/BraTS19_CBICA_ANV_1/BraTS19_CBICA_ANV_1_flair.nii.gz', '/Users/chenjingkun/Documents/data/BraTS19/HGG/BraTS19_CBICA_AOC_1/BraTS19_CBICA_AOC_1_flair.nii.gz', '/Users/chenjingkun/Documents/data/BraTS19/HGG/BraTS19_CBICA_AOS_1/BraTS19_CBICA_AOS_1_flair.nii.gz', '/Users/chenjingkun/Documents/data/BraTS19/HGG/BraTS19_CBICA_APK_1/BraTS19_CBICA_APK_1_flair.nii.gz', '/Users/chenjingkun/Documents/data/BraTS19/HGG/BraTS19_CBICA_ASF_1/BraTS19_CBICA_ASF_1_flair.nii.gz', '/Users/chenjingkun/Documents/data/BraTS19/HGG/BraTS19_CBICA_ASR_1/BraTS19_CBICA_ASR_1_flair.nii.gz', '/Users/chenjingkun/Documents/data/BraTS19/HGG/BraTS19_CBICA_ATN_1/BraTS19_CBICA_ATN_1_flair.nii.gz', '/Users/chenjingkun/Documents/data/BraTS19/HGG/BraTS19_CBICA_AUA_1/BraTS19_CBICA_AUA_1_flair.nii.gz', '/Users/chenjingkun/Documents/data/BraTS19/HGG/BraTS19_CBICA_AUW_1/BraTS19_CBICA_AUW_1_flair.nii.gz', '/Users/chenjingkun/Documents/data/BraTS19/HGG/BraTS19_CBICA_AUX_1/BraTS19_CBICA_AUX_1_flair.nii.gz', '/Users/chenjingkun/Documents/data/BraTS19/HGG/BraTS19_CBICA_AVB_1/BraTS19_CBICA_AVB_1_flair.nii.gz', '/Users/chenjingkun/Documents/data/BraTS19/HGG/BraTS19_CBICA_AVF_1/BraTS19_CBICA_AVF_1_flair.nii.gz', '/Users/chenjingkun/Documents/data/BraTS19/HGG/BraTS19_CBICA_AVT_1/BraTS19_CBICA_AVT_1_flair.nii.gz', '/Users/chenjingkun/Documents/data/BraTS19/HGG/BraTS19_CBICA_AWV_1/BraTS19_CBICA_AWV_1_flair.nii.gz', '/Users/chenjingkun/Documents/data/BraTS19/HGG/BraTS19_CBICA_AWX_1/BraTS19_CBICA_AWX_1_flair.nii.gz', '/Users/chenjingkun/Documents/data/BraTS19/HGG/BraTS19_CBICA_AYC_1/BraTS19_CBICA_AYC_1_flair.nii.gz', '/Users/chenjingkun/Documents/data/BraTS19/HGG/BraTS19_CBICA_AYG_1/BraTS19_CBICA_AYG_1_flair.nii.gz', '/Users/chenjingkun/Documents/data/BraTS19/HGG/BraTS19_CBICA_BAN_1/BraTS19_CBICA_BAN_1_flair.nii.gz', '/Users/chenjingkun/Documents/data/BraTS19/HGG/BraTS19_CBICA_BAP_1/BraTS19_CBICA_BAP_1_flair.nii.gz', '/Users/chenjingkun/Documents/data/BraTS19/HGG/BraTS19_CBICA_BAX_1/BraTS19_CBICA_BAX_1_flair.nii.gz', '/Users/chenjingkun/Documents/data/BraTS19/HGG/BraTS19_CBICA_BBG_1/BraTS19_CBICA_BBG_1_flair.nii.gz', '/Users/chenjingkun/Documents/data/BraTS19/HGG/BraTS19_CBICA_BCF_1/BraTS19_CBICA_BCF_1_flair.nii.gz', '/Users/chenjingkun/Documents/data/BraTS19/HGG/BraTS19_CBICA_BCL_1/BraTS19_CBICA_BCL_1_flair.nii.gz', '/Users/chenjingkun/Documents/data/BraTS19/HGG/BraTS19_CBICA_BDK_1/BraTS19_CBICA_BDK_1_flair.nii.gz', '/Users/chenjingkun/Documents/data/BraTS19/HGG/BraTS19_CBICA_BEM_1/BraTS19_CBICA_BEM_1_flair.nii.gz', '/Users/chenjingkun/Documents/data/BraTS19/HGG/BraTS19_CBICA_BGE_1/BraTS19_CBICA_BGE_1_flair.nii.gz', '/Users/chenjingkun/Documents/data/BraTS19/HGG/BraTS19_CBICA_BGG_1/BraTS19_CBICA_BGG_1_flair.nii.gz', '/Users/chenjingkun/Documents/data/BraTS19/HGG/BraTS19_CBICA_BGN_1/BraTS19_CBICA_BGN_1_flair.nii.gz', '/Users/chenjingkun/Documents/data/BraTS19/HGG/BraTS19_CBICA_BGO_1/BraTS19_CBICA_BGO_1_flair.nii.gz', '/Users/chenjingkun/Documents/data/BraTS19/HGG/BraTS19_CBICA_BGR_1/BraTS19_CBICA_BGR_1_flair.nii.gz', '/Users/chenjingkun/Documents/data/BraTS19/HGG/BraTS19_CBICA_BGT_1/BraTS19_CBICA_BGT_1_flair.nii.gz', '/Users/chenjingkun/Documents/data/BraTS19/HGG/BraTS19_CBICA_BGW_1/BraTS19_CBICA_BGW_1_flair.nii.gz', '/Users/chenjingkun/Documents/data/BraTS19/HGG/BraTS19_CBICA_BGX_1/BraTS19_CBICA_BGX_1_flair.nii.gz', '/Users/chenjingkun/Documents/data/BraTS19/HGG/BraTS19_CBICA_BHQ_1/BraTS19_CBICA_BHQ_1_flair.nii.gz', '/Users/chenjingkun/Documents/data/BraTS19/HGG/BraTS19_CBICA_BHV_1/BraTS19_CBICA_BHV_1_flair.nii.gz', '/Users/chenjingkun/Documents/data/BraTS19/HGG/BraTS19_CBICA_BHZ_1/BraTS19_CBICA_BHZ_1_flair.nii.gz', '/Users/chenjingkun/Documents/data/BraTS19/HGG/BraTS19_CBICA_BIC_1/BraTS19_CBICA_BIC_1_flair.nii.gz', '/Users/chenjingkun/Documents/data/BraTS19/HGG/BraTS19_CBICA_BJY_1/BraTS19_CBICA_BJY_1_flair.nii.gz', '/Users/chenjingkun/Documents/data/BraTS19/HGG/BraTS19_CBICA_BKV_1/BraTS19_CBICA_BKV_1_flair.nii.gz', '/Users/chenjingkun/Documents/data/BraTS19/HGG/BraTS19_CBICA_BLJ_1/BraTS19_CBICA_BLJ_1_flair.nii.gz', '/Users/chenjingkun/Documents/data/BraTS19/HGG/BraTS19_CBICA_BNR_1/BraTS19_CBICA_BNR_1_flair.nii.gz']
['/Users/chenjingkun/Documents/data/BraTS19/HGG/BraTS19_CBICA_AAB_1/BraTS19_CBICA_AAB_1_seg.nii.gz', '/Users/chenjingkun/Documents/data/BraTS19/HGG/BraTS19_CBICA_AAG_1/BraTS19_CBICA_AAG_1_seg.nii.gz', '/Users/chenjingkun/Documents/data/BraTS19/HGG/BraTS19_CBICA_AAL_1/BraTS19_CBICA_AAL_1_seg.nii.gz', '/Users/chenjingkun/Documents/data/BraTS19/HGG/BraTS19_CBICA_AAP_1/BraTS19_CBICA_AAP_1_seg.nii.gz', '/Users/chenjingkun/Documents/data/BraTS19/HGG/BraTS19_CBICA_ABB_1/BraTS19_CBICA_ABB_1_seg.nii.gz', '/Users/chenjingkun/Documents/data/BraTS19/HGG/BraTS19_CBICA_ABE_1/BraTS19_CBICA_ABE_1_seg.nii.gz', '/Users/chenjingkun/Documents/data/BraTS19/HGG/BraTS19_CBICA_ABM_1/BraTS19_CBICA_ABM_1_seg.nii.gz', '/Users/chenjingkun/Documents/data/BraTS19/HGG/BraTS19_CBICA_ABN_1/BraTS19_CBICA_ABN_1_seg.nii.gz', '/Users/chenjingkun/Documents/data/BraTS19/HGG/BraTS19_CBICA_ABO_1/BraTS19_CBICA_ABO_1_seg.nii.gz', '/Users/chenjingkun/Documents/data/BraTS19/HGG/BraTS19_CBICA_ABY_1/BraTS19_CBICA_ABY_1_seg.nii.gz', '/Users/chenjingkun/Documents/data/BraTS19/HGG/BraTS19_CBICA_ALN_1/BraTS19_CBICA_ALN_1_seg.nii.gz', '/Users/chenjingkun/Documents/data/BraTS19/HGG/BraTS19_CBICA_ALU_1/BraTS19_CBICA_ALU_1_seg.nii.gz', '/Users/chenjingkun/Documents/data/BraTS19/HGG/BraTS19_CBICA_ALX_1/BraTS19_CBICA_ALX_1_seg.nii.gz', '/Users/chenjingkun/Documents/data/BraTS19/HGG/BraTS19_CBICA_AME_1/BraTS19_CBICA_AME_1_seg.nii.gz', '/Users/chenjingkun/Documents/data/BraTS19/HGG/BraTS19_CBICA_AMH_1/BraTS19_CBICA_AMH_1_seg.nii.gz', '/Users/chenjingkun/Documents/data/BraTS19/HGG/BraTS19_CBICA_ANG_1/BraTS19_CBICA_ANG_1_seg.nii.gz', '/Users/chenjingkun/Documents/data/BraTS19/HGG/BraTS19_CBICA_ANI_1/BraTS19_CBICA_ANI_1_seg.nii.gz', '/Users/chenjingkun/Documents/data/BraTS19/HGG/BraTS19_CBICA_ANP_1/BraTS19_CBICA_ANP_1_seg.nii.gz', '/Users/chenjingkun/Documents/data/BraTS19/HGG/BraTS19_CBICA_ANZ_1/BraTS19_CBICA_ANZ_1_seg.nii.gz', '/Users/chenjingkun/Documents/data/BraTS19/HGG/BraTS19_CBICA_AOD_1/BraTS19_CBICA_AOD_1_seg.nii.gz', '/Users/chenjingkun/Documents/data/BraTS19/HGG/BraTS19_CBICA_AOH_1/BraTS19_CBICA_AOH_1_seg.nii.gz', '/Users/chenjingkun/Documents/data/BraTS19/HGG/BraTS19_CBICA_AOO_1/BraTS19_CBICA_AOO_1_seg.nii.gz', '/Users/chenjingkun/Documents/data/BraTS19/HGG/BraTS19_CBICA_AOP_1/BraTS19_CBICA_AOP_1_seg.nii.gz', '/Users/chenjingkun/Documents/data/BraTS19/HGG/BraTS19_CBICA_AOZ_1/BraTS19_CBICA_AOZ_1_seg.nii.gz', '/Users/chenjingkun/Documents/data/BraTS19/HGG/BraTS19_CBICA_APR_1/BraTS19_CBICA_APR_1_seg.nii.gz', '/Users/chenjingkun/Documents/data/BraTS19/HGG/BraTS19_CBICA_APY_1/BraTS19_CBICA_APY_1_seg.nii.gz', '/Users/chenjingkun/Documents/data/BraTS19/HGG/BraTS19_CBICA_APZ_1/BraTS19_CBICA_APZ_1_seg.nii.gz', '/Users/chenjingkun/Documents/data/BraTS19/HGG/BraTS19_CBICA_AQA_1/BraTS19_CBICA_AQA_1_seg.nii.gz', '/Users/chenjingkun/Documents/data/BraTS19/HGG/BraTS19_CBICA_AQD_1/BraTS19_CBICA_AQD_1_seg.nii.gz', '/Users/chenjingkun/Documents/data/BraTS19/HGG/BraTS19_CBICA_AQG_1/BraTS19_CBICA_AQG_1_seg.nii.gz', '/Users/chenjingkun/Documents/data/BraTS19/HGG/BraTS19_CBICA_AQJ_1/BraTS19_CBICA_AQJ_1_seg.nii.gz', '/Users/chenjingkun/Documents/data/BraTS19/HGG/BraTS19_CBICA_AQN_1/BraTS19_CBICA_AQN_1_seg.nii.gz', '/Users/chenjingkun/Documents/data/BraTS19/HGG/BraTS19_CBICA_AQO_1/BraTS19_CBICA_AQO_1_seg.nii.gz', '/Users/chenjingkun/Documents/data/BraTS19/HGG/BraTS19_CBICA_AQP_1/BraTS19_CBICA_AQP_1_seg.nii.gz', '/Users/chenjingkun/Documents/data/BraTS19/HGG/BraTS19_CBICA_AQQ_1/BraTS19_CBICA_AQQ_1_seg.nii.gz', '/Users/chenjingkun/Documents/data/BraTS19/HGG/BraTS19_CBICA_AQR_1/BraTS19_CBICA_AQR_1_seg.nii.gz', '/Users/chenjingkun/Documents/data/BraTS19/HGG/BraTS19_CBICA_AQT_1/BraTS19_CBICA_AQT_1_seg.nii.gz', '/Users/chenjingkun/Documents/data/BraTS19/HGG/BraTS19_CBICA_AQU_1/BraTS19_CBICA_AQU_1_seg.nii.gz', '/Users/chenjingkun/Documents/data/BraTS19/HGG/BraTS19_CBICA_AQV_1/BraTS19_CBICA_AQV_1_seg.nii.gz', '/Users/chenjingkun/Documents/data/BraTS19/HGG/BraTS19_CBICA_AQY_1/BraTS19_CBICA_AQY_1_seg.nii.gz', '/Users/chenjingkun/Documents/data/BraTS19/HGG/BraTS19_CBICA_AQZ_1/BraTS19_CBICA_AQZ_1_seg.nii.gz', '/Users/chenjingkun/Documents/data/BraTS19/HGG/BraTS19_CBICA_ARF_1/BraTS19_CBICA_ARF_1_seg.nii.gz', '/Users/chenjingkun/Documents/data/BraTS19/HGG/BraTS19_CBICA_ARW_1/BraTS19_CBICA_ARW_1_seg.nii.gz', '/Users/chenjingkun/Documents/data/BraTS19/HGG/BraTS19_CBICA_ARZ_1/BraTS19_CBICA_ARZ_1_seg.nii.gz', '/Users/chenjingkun/Documents/data/BraTS19/HGG/BraTS19_CBICA_ASA_1/BraTS19_CBICA_ASA_1_seg.nii.gz', '/Users/chenjingkun/Documents/data/BraTS19/HGG/BraTS19_CBICA_ASE_1/BraTS19_CBICA_ASE_1_seg.nii.gz', '/Users/chenjingkun/Documents/data/BraTS19/HGG/BraTS19_CBICA_ASG_1/BraTS19_CBICA_ASG_1_seg.nii.gz', '/Users/chenjingkun/Documents/data/BraTS19/HGG/BraTS19_CBICA_ASH_1/BraTS19_CBICA_ASH_1_seg.nii.gz', '/Users/chenjingkun/Documents/data/BraTS19/HGG/BraTS19_CBICA_ASK_1/BraTS19_CBICA_ASK_1_seg.nii.gz', '/Users/chenjingkun/Documents/data/BraTS19/HGG/BraTS19_CBICA_ASN_1/BraTS19_CBICA_ASN_1_seg.nii.gz', '/Users/chenjingkun/Documents/data/BraTS19/HGG/BraTS19_CBICA_ASO_1/BraTS19_CBICA_ASO_1_seg.nii.gz', '/Users/chenjingkun/Documents/data/BraTS19/HGG/BraTS19_CBICA_ASU_1/BraTS19_CBICA_ASU_1_seg.nii.gz', '/Users/chenjingkun/Documents/data/BraTS19/HGG/BraTS19_CBICA_ASV_1/BraTS19_CBICA_ASV_1_seg.nii.gz', '/Users/chenjingkun/Documents/data/BraTS19/HGG/BraTS19_CBICA_ASW_1/BraTS19_CBICA_ASW_1_seg.nii.gz', '/Users/chenjingkun/Documents/data/BraTS19/HGG/BraTS19_CBICA_ASY_1/BraTS19_CBICA_ASY_1_seg.nii.gz', '/Users/chenjingkun/Documents/data/BraTS19/HGG/BraTS19_CBICA_ATB_1/BraTS19_CBICA_ATB_1_seg.nii.gz', '/Users/chenjingkun/Documents/data/BraTS19/HGG/BraTS19_CBICA_ATD_1/BraTS19_CBICA_ATD_1_seg.nii.gz', '/Users/chenjingkun/Documents/data/BraTS19/HGG/BraTS19_CBICA_ATF_1/BraTS19_CBICA_ATF_1_seg.nii.gz', '/Users/chenjingkun/Documents/data/BraTS19/HGG/BraTS19_CBICA_ATP_1/BraTS19_CBICA_ATP_1_seg.nii.gz', '/Users/chenjingkun/Documents/data/BraTS19/HGG/BraTS19_CBICA_ATV_1/BraTS19_CBICA_ATV_1_seg.nii.gz', '/Users/chenjingkun/Documents/data/BraTS19/HGG/BraTS19_CBICA_ATX_1/BraTS19_CBICA_ATX_1_seg.nii.gz', '/Users/chenjingkun/Documents/data/BraTS19/HGG/BraTS19_CBICA_AUN_1/BraTS19_CBICA_AUN_1_seg.nii.gz', '/Users/chenjingkun/Documents/data/BraTS19/HGG/BraTS19_CBICA_AUQ_1/BraTS19_CBICA_AUQ_1_seg.nii.gz', '/Users/chenjingkun/Documents/data/BraTS19/HGG/BraTS19_CBICA_AUR_1/BraTS19_CBICA_AUR_1_seg.nii.gz', '/Users/chenjingkun/Documents/data/BraTS19/HGG/BraTS19_CBICA_AVG_1/BraTS19_CBICA_AVG_1_seg.nii.gz', '/Users/chenjingkun/Documents/data/BraTS19/HGG/BraTS19_CBICA_AVJ_1/BraTS19_CBICA_AVJ_1_seg.nii.gz', '/Users/chenjingkun/Documents/data/BraTS19/HGG/BraTS19_CBICA_AVV_1/BraTS19_CBICA_AVV_1_seg.nii.gz', '/Users/chenjingkun/Documents/data/BraTS19/HGG/BraTS19_CBICA_AWG_1/BraTS19_CBICA_AWG_1_seg.nii.gz', '/Users/chenjingkun/Documents/data/BraTS19/HGG/BraTS19_CBICA_AWH_1/BraTS19_CBICA_AWH_1_seg.nii.gz', '/Users/chenjingkun/Documents/data/BraTS19/HGG/BraTS19_CBICA_AWI_1/BraTS19_CBICA_AWI_1_seg.nii.gz', '/Users/chenjingkun/Documents/data/BraTS19/HGG/BraTS19_CBICA_AXJ_1/BraTS19_CBICA_AXJ_1_seg.nii.gz', '/Users/chenjingkun/Documents/data/BraTS19/HGG/BraTS19_CBICA_AXL_1/BraTS19_CBICA_AXL_1_seg.nii.gz', '/Users/chenjingkun/Documents/data/BraTS19/HGG/BraTS19_CBICA_AXM_1/BraTS19_CBICA_AXM_1_seg.nii.gz', '/Users/chenjingkun/Documents/data/BraTS19/HGG/BraTS19_CBICA_AXN_1/BraTS19_CBICA_AXN_1_seg.nii.gz', '/Users/chenjingkun/Documents/data/BraTS19/HGG/BraTS19_CBICA_AXO_1/BraTS19_CBICA_AXO_1_seg.nii.gz', '/Users/chenjingkun/Documents/data/BraTS19/HGG/BraTS19_CBICA_AXQ_1/BraTS19_CBICA_AXQ_1_seg.nii.gz', '/Users/chenjingkun/Documents/data/BraTS19/HGG/BraTS19_CBICA_AXW_1/BraTS19_CBICA_AXW_1_seg.nii.gz', '/Users/chenjingkun/Documents/data/BraTS19/HGG/BraTS19_CBICA_AYA_1/BraTS19_CBICA_AYA_1_seg.nii.gz', '/Users/chenjingkun/Documents/data/BraTS19/HGG/BraTS19_CBICA_AYI_1/BraTS19_CBICA_AYI_1_seg.nii.gz', '/Users/chenjingkun/Documents/data/BraTS19/HGG/BraTS19_CBICA_AYU_1/BraTS19_CBICA_AYU_1_seg.nii.gz', '/Users/chenjingkun/Documents/data/BraTS19/HGG/BraTS19_CBICA_AYW_1/BraTS19_CBICA_AYW_1_seg.nii.gz', '/Users/chenjingkun/Documents/data/BraTS19/HGG/BraTS19_CBICA_AZD_1/BraTS19_CBICA_AZD_1_seg.nii.gz', '/Users/chenjingkun/Documents/data/BraTS19/HGG/BraTS19_CBICA_AZH_1/BraTS19_CBICA_AZH_1_seg.nii.gz', '/Users/chenjingkun/Documents/data/BraTS19/HGG/BraTS19_CBICA_BFB_1/BraTS19_CBICA_BFB_1_seg.nii.gz', '/Users/chenjingkun/Documents/data/BraTS19/HGG/BraTS19_CBICA_BFP_1/BraTS19_CBICA_BFP_1_seg.nii.gz', '/Users/chenjingkun/Documents/data/BraTS19/HGG/BraTS19_CBICA_BHB_1/BraTS19_CBICA_BHB_1_seg.nii.gz', '/Users/chenjingkun/Documents/data/BraTS19/HGG/BraTS19_CBICA_BHK_1/BraTS19_CBICA_BHK_1_seg.nii.gz', '/Users/chenjingkun/Documents/data/BraTS19/HGG/BraTS19_CBICA_BHM_1/BraTS19_CBICA_BHM_1_seg.nii.gz', '/Users/chenjingkun/Documents/data/BraTS19/HGG/BraTS19_CBICA_ANV_1/BraTS19_CBICA_ANV_1_seg.nii.gz', '/Users/chenjingkun/Documents/data/BraTS19/HGG/BraTS19_CBICA_AOC_1/BraTS19_CBICA_AOC_1_seg.nii.gz', '/Users/chenjingkun/Documents/data/BraTS19/HGG/BraTS19_CBICA_AOS_1/BraTS19_CBICA_AOS_1_seg.nii.gz', '/Users/chenjingkun/Documents/data/BraTS19/HGG/BraTS19_CBICA_APK_1/BraTS19_CBICA_APK_1_seg.nii.gz', '/Users/chenjingkun/Documents/data/BraTS19/HGG/BraTS19_CBICA_ASF_1/BraTS19_CBICA_ASF_1_seg.nii.gz', '/Users/chenjingkun/Documents/data/BraTS19/HGG/BraTS19_CBICA_ASR_1/BraTS19_CBICA_ASR_1_seg.nii.gz', '/Users/chenjingkun/Documents/data/BraTS19/HGG/BraTS19_CBICA_ATN_1/BraTS19_CBICA_ATN_1_seg.nii.gz', '/Users/chenjingkun/Documents/data/BraTS19/HGG/BraTS19_CBICA_AUA_1/BraTS19_CBICA_AUA_1_seg.nii.gz', '/Users/chenjingkun/Documents/data/BraTS19/HGG/BraTS19_CBICA_AUW_1/BraTS19_CBICA_AUW_1_seg.nii.gz', '/Users/chenjingkun/Documents/data/BraTS19/HGG/BraTS19_CBICA_AUX_1/BraTS19_CBICA_AUX_1_seg.nii.gz', '/Users/chenjingkun/Documents/data/BraTS19/HGG/BraTS19_CBICA_AVB_1/BraTS19_CBICA_AVB_1_seg.nii.gz', '/Users/chenjingkun/Documents/data/BraTS19/HGG/BraTS19_CBICA_AVF_1/BraTS19_CBICA_AVF_1_seg.nii.gz', '/Users/chenjingkun/Documents/data/BraTS19/HGG/BraTS19_CBICA_AVT_1/BraTS19_CBICA_AVT_1_seg.nii.gz', '/Users/chenjingkun/Documents/data/BraTS19/HGG/BraTS19_CBICA_AWV_1/BraTS19_CBICA_AWV_1_seg.nii.gz', '/Users/chenjingkun/Documents/data/BraTS19/HGG/BraTS19_CBICA_AWX_1/BraTS19_CBICA_AWX_1_seg.nii.gz', '/Users/chenjingkun/Documents/data/BraTS19/HGG/BraTS19_CBICA_AYC_1/BraTS19_CBICA_AYC_1_seg.nii.gz', '/Users/chenjingkun/Documents/data/BraTS19/HGG/BraTS19_CBICA_AYG_1/BraTS19_CBICA_AYG_1_seg.nii.gz', '/Users/chenjingkun/Documents/data/BraTS19/HGG/BraTS19_CBICA_BAN_1/BraTS19_CBICA_BAN_1_seg.nii.gz', '/Users/chenjingkun/Documents/data/BraTS19/HGG/BraTS19_CBICA_BAP_1/BraTS19_CBICA_BAP_1_seg.nii.gz', '/Users/chenjingkun/Documents/data/BraTS19/HGG/BraTS19_CBICA_BAX_1/BraTS19_CBICA_BAX_1_seg.nii.gz', '/Users/chenjingkun/Documents/data/BraTS19/HGG/BraTS19_CBICA_BBG_1/BraTS19_CBICA_BBG_1_seg.nii.gz', '/Users/chenjingkun/Documents/data/BraTS19/HGG/BraTS19_CBICA_BCF_1/BraTS19_CBICA_BCF_1_seg.nii.gz', '/Users/chenjingkun/Documents/data/BraTS19/HGG/BraTS19_CBICA_BCL_1/BraTS19_CBICA_BCL_1_seg.nii.gz', '/Users/chenjingkun/Documents/data/BraTS19/HGG/BraTS19_CBICA_BDK_1/BraTS19_CBICA_BDK_1_seg.nii.gz', '/Users/chenjingkun/Documents/data/BraTS19/HGG/BraTS19_CBICA_BEM_1/BraTS19_CBICA_BEM_1_seg.nii.gz', '/Users/chenjingkun/Documents/data/BraTS19/HGG/BraTS19_CBICA_BGE_1/BraTS19_CBICA_BGE_1_seg.nii.gz', '/Users/chenjingkun/Documents/data/BraTS19/HGG/BraTS19_CBICA_BGG_1/BraTS19_CBICA_BGG_1_seg.nii.gz', '/Users/chenjingkun/Documents/data/BraTS19/HGG/BraTS19_CBICA_BGN_1/BraTS19_CBICA_BGN_1_seg.nii.gz', '/Users/chenjingkun/Documents/data/BraTS19/HGG/BraTS19_CBICA_BGO_1/BraTS19_CBICA_BGO_1_seg.nii.gz', '/Users/chenjingkun/Documents/data/BraTS19/HGG/BraTS19_CBICA_BGR_1/BraTS19_CBICA_BGR_1_seg.nii.gz', '/Users/chenjingkun/Documents/data/BraTS19/HGG/BraTS19_CBICA_BGT_1/BraTS19_CBICA_BGT_1_seg.nii.gz', '/Users/chenjingkun/Documents/data/BraTS19/HGG/BraTS19_CBICA_BGW_1/BraTS19_CBICA_BGW_1_seg.nii.gz', '/Users/chenjingkun/Documents/data/BraTS19/HGG/BraTS19_CBICA_BGX_1/BraTS19_CBICA_BGX_1_seg.nii.gz', '/Users/chenjingkun/Documents/data/BraTS19/HGG/BraTS19_CBICA_BHQ_1/BraTS19_CBICA_BHQ_1_seg.nii.gz', '/Users/chenjingkun/Documents/data/BraTS19/HGG/BraTS19_CBICA_BHV_1/BraTS19_CBICA_BHV_1_seg.nii.gz', '/Users/chenjingkun/Documents/data/BraTS19/HGG/BraTS19_CBICA_BHZ_1/BraTS19_CBICA_BHZ_1_seg.nii.gz', '/Users/chenjingkun/Documents/data/BraTS19/HGG/BraTS19_CBICA_BIC_1/BraTS19_CBICA_BIC_1_seg.nii.gz', '/Users/chenjingkun/Documents/data/BraTS19/HGG/BraTS19_CBICA_BJY_1/BraTS19_CBICA_BJY_1_seg.nii.gz', '/Users/chenjingkun/Documents/data/BraTS19/HGG/BraTS19_CBICA_BKV_1/BraTS19_CBICA_BKV_1_seg.nii.gz', '/Users/chenjingkun/Documents/data/BraTS19/HGG/BraTS19_CBICA_BLJ_1/BraTS19_CBICA_BLJ_1_seg.nii.gz', '/Users/chenjingkun/Documents/data/BraTS19/HGG/BraTS19_CBICA_BNR_1/BraTS19_CBICA_BNR_1_seg.nii.gz']
0
(259, 32, 32) (338, 32, 32)
(30, 32, 32) (0,)
------------error----------------
1
(597, 32, 32) (230, 32, 32)
(30, 32, 32) (0,)
------------error----------------
2
(827, 32, 32) (402, 32, 32)
(30, 32, 32) (0,)
------------error----------------
3
(1229, 32, 32) (292, 32, 32)
(30, 32, 32) (0,)
------------error----------------
4
(1521, 32, 32) (290, 32, 32)
(30, 32, 32) (0,)
------------error----------------
5
(1811, 32, 32) (265, 32, 32)
(30, 32, 32) (0,)
------------error----------------
6
(2076, 32, 32) (268, 32, 32)
(30, 32, 32) (0,)
------------error----------------
7
(2344, 32, 32) (206, 32, 32)
(30, 32, 32) (0,)
------------error----------------
8
(2550, 32, 32) (298, 32, 32)
(30, 32, 32) (0,)
------------error----------------
9
(2848, 32, 32) (443, 32, 32)
(30, 32, 32) (0,)
------------error----------------
10
(3291, 32, 32) (406, 32, 32)
(30, 32, 32) (0,)
------------error----------------
11
(3697, 32, 32) (258, 32, 32)
(30, 32, 32) (0,)
------------error----------------
12
(3955, 32, 32) (423, 32, 32)
(30, 32, 32) (0,)
------------error----------------
13
(4378, 32, 32) (413, 32, 32)
(30, 32, 32) (0,)
------------error----------------
14
(4791, 32, 32) (335, 32, 32)
(30, 32, 32) (0,)
------------error----------------
15
(5126, 32, 32) (435, 32, 32)
(30, 32, 32) (8, 32, 32)
health_array: (5561, 32, 32)
lesion_array: (38, 32, 32)
16
(5561, 32, 32) (238, 32, 32)
(38, 32, 32) (0,)
------------error----------------
17
(5799, 32, 32) (217, 32, 32)
(38, 32, 32) (0,)
------------error----------------
18
(6016, 32, 32) (389, 32, 32)
(38, 32, 32) (0,)
------------error----------------
19
(6405, 32, 32) (124, 32, 32)
(38, 32, 32) (0,)
------------error----------------
20
(6529, 32, 32) (362, 32, 32)
(38, 32, 32) (0,)
------------error----------------
21
(6891, 32, 32) (229, 32, 32)
(38, 32, 32) (0,)
------------error----------------
22
(7120, 32, 32) (451, 32, 32)
(38, 32, 32) (0,)
------------error----------------
23
(7571, 32, 32) (131, 32, 32)
(38, 32, 32) (0,)
------------error----------------
24
(7702, 32, 32) (442, 32, 32)
(38, 32, 32) (9, 32, 32)
health_array: (8144, 32, 32)
lesion_array: (47, 32, 32)
25
(8144, 32, 32) (278, 32, 32)
(47, 32, 32) (0,)
------------error----------------
26
(8422, 32, 32) (270, 32, 32)
(47, 32, 32) (0,)
------------error----------------
27
(8692, 32, 32) (298, 32, 32)
(47, 32, 32) (0,)
------------error----------------
28
(8990, 32, 32) (416, 32, 32)
(47, 32, 32) (0,)
------------error----------------
29
(9406, 32, 32) (321, 32, 32)
(47, 32, 32) (0,)
------------error----------------
30
(9727, 32, 32) (103, 32, 32)
(47, 32, 32) (0,)
------------error----------------
31
(9830, 32, 32) (226, 32, 32)
(47, 32, 32) (0,)
------------error----------------
32
(10056, 32, 32) (241, 32, 32)
(47, 32, 32) (0,)
------------error----------------
33
(10297, 32, 32) (260, 32, 32)
(47, 32, 32) (0,)
------------error----------------
34
(10557, 32, 32) (230, 32, 32)
(47, 32, 32) (0,)
------------error----------------
35
(10787, 32, 32) (270, 32, 32)
(47, 32, 32) (0,)
------------error----------------
36
(11057, 32, 32) (453, 32, 32)
(47, 32, 32) (0,)
------------error----------------
37
(11510, 32, 32) (238, 32, 32)
(47, 32, 32) (0,)
------------error----------------
38
(11748, 32, 32) (412, 32, 32)
(47, 32, 32) (22, 32, 32)
health_array: (12160, 32, 32)
lesion_array: (69, 32, 32)
39
(12160, 32, 32) (447, 32, 32)
(69, 32, 32) (0,)
------------error----------------
40
(12607, 32, 32) (285, 32, 32)
(69, 32, 32) (0,)
------------error----------------
41
(12892, 32, 32) (280, 32, 32)
(69, 32, 32) (0,)
------------error----------------
42
(13172, 32, 32) (264, 32, 32)
(69, 32, 32) (0,)
------------error----------------
43
(13436, 32, 32) (359, 32, 32)
(69, 32, 32) (16, 32, 32)
health_array: (13795, 32, 32)
lesion_array: (85, 32, 32)
44
(13795, 32, 32) (293, 32, 32)
(85, 32, 32) (0,)
------------error----------------
45
(14088, 32, 32) (379, 32, 32)
(85, 32, 32) (1, 32, 32)
health_array: (14467, 32, 32)
lesion_array: (86, 32, 32)
46
(14467, 32, 32) (243, 32, 32)
(86, 32, 32) (0,)
------------error----------------
47
(14710, 32, 32) (515, 32, 32)
(86, 32, 32) (0,)
------------error----------------
48
(15225, 32, 32) (506, 32, 32)
(86, 32, 32) (0,)
------------error----------------
49
(15731, 32, 32) (331, 32, 32)
(86, 32, 32) (0,)
------------error----------------
50
(16062, 32, 32) (290, 32, 32)
(86, 32, 32) (0,)
------------error----------------
51
(16352, 32, 32) (562, 32, 32)
(86, 32, 32) (0,)
------------error----------------
52
(16914, 32, 32) (376, 32, 32)
(86, 32, 32) (0,)
------------error----------------
53
(17290, 32, 32) (370, 32, 32)
(86, 32, 32) (17, 32, 32)
health_array: (17660, 32, 32)
lesion_array: (103, 32, 32)
54
(17660, 32, 32) (223, 32, 32)
(103, 32, 32) (0,)
------------error----------------
55
(17883, 32, 32) (208, 32, 32)
(103, 32, 32) (0,)
------------error----------------
56
(18091, 32, 32) (293, 32, 32)
(103, 32, 32) (0,)
------------error----------------
57
(18384, 32, 32) (295, 32, 32)
(103, 32, 32) (0,)
------------error----------------
58
(18679, 32, 32) (222, 32, 32)
(103, 32, 32) (5, 32, 32)
health_array: (18901, 32, 32)
lesion_array: (108, 32, 32)
59
(18901, 32, 32) (246, 32, 32)
(108, 32, 32) (0,)
------------error----------------
60
(19147, 32, 32) (198, 32, 32)
(108, 32, 32) (9, 32, 32)
health_array: (19345, 32, 32)
lesion_array: (117, 32, 32)
61
(19345, 32, 32) (376, 32, 32)
(117, 32, 32) (0,)
------------error----------------
62
(19721, 32, 32) (378, 32, 32)
(117, 32, 32) (0,)
------------error----------------
63
(20099, 32, 32) (212, 32, 32)
(117, 32, 32) (0,)
------------error----------------
64
(20311, 32, 32) (399, 32, 32)
(117, 32, 32) (0,)
------------error----------------
65
(20710, 32, 32) (393, 32, 32)
(117, 32, 32) (0,)
------------error----------------
66
(21103, 32, 32) (227, 32, 32)
(117, 32, 32) (0,)
------------error----------------
67
(21330, 32, 32) (74, 32, 32)
(117, 32, 32) (0,)
------------error----------------
68
(21404, 32, 32) (622, 32, 32)
(117, 32, 32) (0,)
------------error----------------
69
(22026, 32, 32) (311, 32, 32)
(117, 32, 32) (35, 32, 32)
health_array: (22337, 32, 32)
lesion_array: (152, 32, 32)
70
(22337, 32, 32) (359, 32, 32)
(152, 32, 32) (0,)
------------error----------------
71
(22696, 32, 32) (293, 32, 32)
(152, 32, 32) (0,)
------------error----------------
72
(22989, 32, 32) (350, 32, 32)
(152, 32, 32) (0,)
------------error----------------
73
(23339, 32, 32) (488, 32, 32)
(152, 32, 32) (18, 32, 32)
health_array: (23827, 32, 32)
lesion_array: (170, 32, 32)
74
(23827, 32, 32) (232, 32, 32)
(170, 32, 32) (0,)
------------error----------------
75
(24059, 32, 32) (208, 32, 32)
(170, 32, 32) (0,)
------------error----------------
76
(24267, 32, 32) (292, 32, 32)
(170, 32, 32) (0,)
------------error----------------
77
(24559, 32, 32) (93, 32, 32)
(170, 32, 32) (0,)
------------error----------------
78
(24652, 32, 32) (236, 32, 32)
(170, 32, 32) (0,)
------------error----------------
79
(24888, 32, 32) (374, 32, 32)
(170, 32, 32) (0,)
------------error----------------
80
(25262, 32, 32) (188, 32, 32)
(170, 32, 32) (0,)
------------error----------------
81
(25450, 32, 32) (346, 32, 32)
(170, 32, 32) (0,)
------------error----------------
82
(25796, 32, 32) (344, 32, 32)
(170, 32, 32) (0,)
------------error----------------
83
(26140, 32, 32) (378, 32, 32)
(170, 32, 32) (0,)
------------error----------------
84
(26518, 32, 32) (332, 32, 32)
(170, 32, 32) (0,)
------------error----------------
85
(26850, 32, 32) (351, 32, 32)
(170, 32, 32) (0,)
------------error----------------
86
(27201, 32, 32) (401, 32, 32)
(170, 32, 32) (0,)
------------error----------------
87
(27602, 32, 32) (158, 32, 32)
(170, 32, 32) (0,)
------------error----------------
88
(27760, 32, 32) (252, 32, 32)
(170, 32, 32) (0,)
------------error----------------
89
(28012, 32, 32) (248, 32, 32)
(170, 32, 32) (12, 32, 32)
health_array: (28260, 32, 32)
lesion_array: (182, 32, 32)
90
(28260, 32, 32) (387, 32, 32)
(182, 32, 32) (0,)
------------error----------------
91
(28647, 32, 32) (333, 32, 32)
(182, 32, 32) (0,)
------------error----------------
92
(28980, 32, 32) (217, 32, 32)
(182, 32, 32) (0,)
------------error----------------
93
(29197, 32, 32) (254, 32, 32)
(182, 32, 32) (7, 32, 32)
health_array: (29451, 32, 32)
lesion_array: (189, 32, 32)
94
(29451, 32, 32) (292, 32, 32)
(189, 32, 32) (0,)
------------error----------------
95
(29743, 32, 32) (335, 32, 32)
(189, 32, 32) (0,)
------------error----------------
96
(30078, 32, 32) (216, 32, 32)
(189, 32, 32) (16, 32, 32)
health_array: (30294, 32, 32)
lesion_array: (205, 32, 32)
97
(30294, 32, 32) (128, 32, 32)
(205, 32, 32) (0,)
------------error----------------
98
(30422, 32, 32) (302, 32, 32)
(205, 32, 32) (0,)
------------error----------------
99
(30724, 32, 32) (255, 32, 32)
(205, 32, 32) (7, 32, 32)
health_array: (30979, 32, 32)
lesion_array: (212, 32, 32)
100
(30979, 32, 32) (221, 32, 32)
(212, 32, 32) (0,)
------------error----------------
101
(31200, 32, 32) (473, 32, 32)
(212, 32, 32) (0,)
------------error----------------
102
(31673, 32, 32) (421, 32, 32)
(212, 32, 32) (0,)
------------error----------------
103
(32094, 32, 32) (191, 32, 32)
(212, 32, 32) (0,)
------------error----------------
104
(32285, 32, 32) (310, 32, 32)
(212, 32, 32) (0,)
------------error----------------
105
(32595, 32, 32) (322, 32, 32)
(212, 32, 32) (0,)
------------error----------------
106
(32917, 32, 32) (109, 32, 32)
(212, 32, 32) (0,)
------------error----------------
107
(33026, 32, 32) (307, 32, 32)
(212, 32, 32) (0,)
------------error----------------
108
(33333, 32, 32) (257, 32, 32)
(212, 32, 32) (0,)
------------error----------------
109
(33590, 32, 32) (381, 32, 32)
(212, 32, 32) (0,)
------------error----------------
110
(33971, 32, 32) (397, 32, 32)
(212, 32, 32) (23, 32, 32)
health_array: (34368, 32, 32)
lesion_array: (235, 32, 32)
111
(34368, 32, 32) (401, 32, 32)
(235, 32, 32) (0,)
------------error----------------
112
(34769, 32, 32) (432, 32, 32)
(235, 32, 32) (26, 32, 32)
health_array: (35201, 32, 32)
lesion_array: (261, 32, 32)
113
(35201, 32, 32) (291, 32, 32)
(261, 32, 32) (0,)
------------error----------------
114
(35492, 32, 32) (406, 32, 32)
(261, 32, 32) (0,)
------------error----------------
115
(35898, 32, 32) (297, 32, 32)
(261, 32, 32) (0,)
------------error----------------
116
(36195, 32, 32) (406, 32, 32)
(261, 32, 32) (0,)
------------error----------------
117
(36601, 32, 32) (255, 32, 32)
(261, 32, 32) (0,)
------------error----------------
118
(36856, 32, 32) (227, 32, 32)
(261, 32, 32) (14, 32, 32)
health_array: (37083, 32, 32)
lesion_array: (275, 32, 32)
119
(37083, 32, 32) (389, 32, 32)
(275, 32, 32) (0,)
------------error----------------
120
(37472, 32, 32) (221, 32, 32)
(275, 32, 32) (0,)
------------error----------------
121
(37693, 32, 32) (324, 32, 32)
(275, 32, 32) (8, 32, 32)
health_array: (38017, 32, 32)
lesion_array: (283, 32, 32)
122
(38017, 32, 32) (229, 32, 32)
(283, 32, 32) (21, 32, 32)
health_array: (38246, 32, 32)
lesion_array: (304, 32, 32)
123
(38246, 32, 32) (109, 32, 32)
(304, 32, 32) (19, 32, 32)
health_array: (38355, 32, 32)
lesion_array: (323, 32, 32)
124
(38355, 32, 32) (359, 32, 32)
(323, 32, 32) (0,)
------------error----------------
125
(38714, 32, 32) (281, 32, 32)
(323, 32, 32) (2, 32, 32)
health_array: (38995, 32, 32)
lesion_array: (325, 32, 32)
126
(38995, 32, 32) (417, 32, 32)
(325, 32, 32) (0,)
------------error----------------
127
(39412, 32, 32) (385, 32, 32)
(325, 32, 32) (0,)
------------error----------------
